=====================================
   wcl 0.0.0: tests/test-suite.log
=====================================

# TOTAL: 1
# PASS:  0
# SKIP:  0
# XFAIL: 0
# FAIL:  1
# XPASS: 0
# ERROR: 0

.. contents:: :depth: 2

FAIL: func_test
===============

Running main() from gtest_main.cc
[==========] Running 13 tests from 4 test cases.
[----------] Global test environment set-up.
[----------] 2 tests from BoundingBoxTest
[ RUN      ] BoundingBoxTest.constructor
[       OK ] BoundingBoxTest.constructor (0 ms)
[ RUN      ] BoundingBoxTest.intersections
BoundingBox.cpp:30: Failure
Value of: bbox.intersect(r)
  Actual: false
Expected: true
[  FAILED  ] BoundingBoxTest.intersections (1 ms)
[----------] 2 tests from BoundingBoxTest (1 ms total)

[----------] 7 tests from LineTest
[ RUN      ] LineTest.LineConstructor
[       OK ] LineTest.LineConstructor (0 ms)
[ RUN      ] LineTest.LineLineIntersection
[       OK ] LineTest.LineLineIntersection (0 ms)
[ RUN      ] LineTest.RotationMatrix
[       OK ] LineTest.RotationMatrix (0 ms)
[ RUN      ] LineTest.VectorRotation90Degrees
[       OK ] LineTest.VectorRotation90Degrees (0 ms)
[ RUN      ] LineTest.intersectLineSegment
[       OK ] LineTest.intersectLineSegment (0 ms)
[ RUN      ] LineTest.distanceFromPoint
[       OK ] LineTest.distanceFromPoint (1 ms)
[ RUN      ] LineTest.getPosition
[       OK ] LineTest.getPosition (0 ms)
[----------] 7 tests from LineTest (1 ms total)

[----------] 1 test from OBJParserTest
[ RUN      ] OBJParserTest.FileNotFound
OBJParser.cpp:13: Failure
Expected: p.parse("filedoesnotexist.obj") throws an exception of type wcl::ParserException.
  Actual: it throws nothing.
[  FAILED  ] OBJParserTest.FileNotFound (0 ms)
[----------] 1 test from OBJParserTest (0 ms total)

[----------] 3 tests from RayTest
[ RUN      ] RayTest.constructor
[       OK ] RayTest.constructor (0 ms)
[ RUN      ] RayTest.RayRayIntersection
[       OK ] RayTest.RayRayIntersection (0 ms)
[ RUN      ] RayTest.isOnRay
[       OK ] RayTest.isOnRay (0 ms)
[----------] 3 tests from RayTest (0 ms total)

[----------] Global test environment tear-down
[==========] 13 tests from 4 test cases ran. (2 ms total)
[  PASSED  ] 11 tests.
[  FAILED  ] 2 tests, listed below:
[  FAILED  ] BoundingBoxTest.intersections
[  FAILED  ] OBJParserTest.FileNotFound

 2 FAILED TESTS
FAIL func_test (exit status: 1)

